\BOOKMARK [0][-]{etoc@tocid.1}{\376\377\000R\000E\000M\000E\000R\000C\000I\000E\000M\000E\000N\000T\000S}{}% 1
\BOOKMARK [0][-]{etoc@tocid.2}{\376\377\000L\000I\000S\000T\000E\000\040\000D\000E\000S\000\040\000A\000B\000R\000\311\000V\000I\000A\000T\000I\000O\000N\000S\000,\000\040\000S\000I\000G\000L\000E\000S\000\040\000E\000T\000\040\000A\000C\000R\000O\000N\000Y\000M\000E\000S}{}% 2
\BOOKMARK [0][-]{table.0.1}{\376\377\000G\000L\000O\000S\000S\000A\000I\000R\000E}{}% 3
\BOOKMARK [0][-]{table.0.1}{\376\377\000L\000I\000S\000T\000E\000\040\000D\000E\000S\000\040\000T\000A\000B\000L\000E\000A\000U\000X}{}% 4
\BOOKMARK [0][-]{table.0.1}{\376\377\000L\000I\000S\000T\000E\000\040\000D\000E\000S\000\040\000F\000I\000G\000U\000R\000E\000S}{}% 5
\BOOKMARK [0][-]{table.0.1}{\376\377\000I\000N\000T\000R\000O\000D\000U\000C\000T\000I\000O\000N}{}% 6
\BOOKMARK [0][-]{table.0.1}{\376\377\000C\000H\000A\000P\000I\000T\000R\000E\000\040\000I\000\040\000-\000\040\000C\000O\000N\000T\000E\000X\000T\000E\000\040\000G\000\311\000N\000\311\000R\000A\000L\000\040\000D\000U\000\040\000P\000R\000O\000J\000E\000T}{}% 7
\BOOKMARK [1][-]{section*.1}{\376\377\000I\000.\0001\000.\000\040\000P\000r\000\351\000s\000e\000n\000t\000a\000t\000i\000o\000n\000\040\000d\000e\000\040\000l\000'\000I\000N\000S\000I}{table.0.1}% 8
\BOOKMARK [2][-]{section*.1}{\376\377\000I\000.\0001\000.\0001\000.\000\040\000I\000n\000f\000o\000r\000m\000a\000t\000i\000o\000n\000\040\000d\000'\000o\000r\000d\000r\000e\000\040\000g\000\351\000n\000\351\000r\000a\000l}{table.0.1}% 9
\BOOKMARK [2][-]{section*.1}{\376\377\000I\000.\0001\000.\0002\000.\000\040\000M\000i\000s\000s\000i\000o\000n\000s\000\040\000e\000t\000\040\000h\000i\000s\000t\000o\000r\000i\000q\000u\000e\000s}{table.0.1}% 10
\BOOKMARK [2][-]{section*.1}{\376\377\000I\000.\0001\000.\0003\000.\000\040\000O\000r\000g\000a\000n\000i\000g\000r\000a\000m\000m\000e\000\040\000d\000e\000\040\000l\000'\000I\000N\000S\000I}{table.0.1}% 11
\BOOKMARK [2][-]{figure.caption.2}{\376\377\000I\000.\0001\000.\0004\000.\000\040\000D\000o\000m\000a\000i\000n\000e\000\040\000d\000e\000\040\000s\000p\000\351\000c\000i\000a\000l\000i\000s\000a\000t\000i\000o\000n}{table.0.1}% 12
\BOOKMARK [2][-]{figure.caption.2}{\376\377\000I\000.\0001\000.\0005\000\040\000A\000r\000c\000h\000i\000t\000e\000c\000t\000u\000r\000e\000s\000\040\000d\000e\000s\000\040\000f\000o\000r\000m\000a\000t\000i\000o\000n\000s\000\040\000p\000\351\000d\000a\000g\000o\000g\000i\000q\000u\000e\000s}{table.0.1}% 13
\BOOKMARK [2][-]{table.caption.3}{\376\377\000I\000.\0001\000.\0006\000.\000\040\000R\000e\000l\000a\000t\000i\000o\000n\000s\000\040\000d\000e\000\040\000l\000'\000I\000N\000S\000I\000\040\000a\000v\000e\000c\000\040\000l\000e\000s\000\040\000e\000n\000t\000r\000e\000p\000r\000i\000s\000e\000s\000\040\000e\000t\000\040\000l\000e\000s\000\040\000o\000r\000g\000a\000n\000i\000s\000m\000e\000s}{table.0.1}% 14
\BOOKMARK [2][-]{table.caption.3}{\376\377\000I\000.\0001\000.\0007\000.\000\040\000P\000a\000r\000t\000e\000n\000a\000r\000i\000a\000t\000\040\000a\000u\000\040\000n\000i\000v\000e\000a\000u\000\040\000i\000n\000t\000e\000r\000n\000a\000t\000i\000o\000n\000a\000l}{table.0.1}% 15
\BOOKMARK [2][-]{table.caption.3}{\376\377\000I\000.\0001\000.\0008\000.\000\040\000P\000a\000r\000c\000o\000u\000r\000s\000\040\000p\000r\000o\000f\000e\000s\000s\000i\000o\000n\000n\000e\000l\000s\000\040\000d\000e\000s\000\040\000d\000i\000p\000l\000\364\000m\000\351\000s}{table.0.1}% 16
\BOOKMARK [2][-]{table.caption.3}{\376\377\000I\000.\0001\000.\0009\000.\000\040\000R\000e\000s\000s\000o\000u\000r\000c\000e\000s\000\040\000h\000u\000m\000a\000i\000n\000e\000s}{table.0.1}% 17
\BOOKMARK [1][-]{table.caption.3}{\376\377\000I\000.\0002\000.\000\040\000C\000o\000n\000t\000e\000x\000t\000e\000\040\000p\000r\000o\000f\000e\000s\000s\000i\000o\000n\000n\000e\000l\000\040\000e\000t\000\040\000e\000n\000t\000r\000e\000p\000r\000i\000s\000e\000\040\000d\000'\000a\000c\000c\000u\000e\000i\000l}{table.0.1}% 18
\BOOKMARK [2][-]{section*.4}{\376\377\000I\000.\0002\000.\0001\000.\000\040\000P\000r\000\351\000s\000e\000n\000t\000a\000t\000i\000o\000n\000\040\000d\000e\000\040\000l\000'\000e\000n\000t\000r\000e\000p\000r\000i\000s\000e\000\040\000d\000'\000a\000c\000c\000u\000e\000i\000l}{table.caption.3}% 19
\BOOKMARK [2][-]{section*.4}{\376\377\000I\000.\0002\000.\0002\000.\000\040\000C\000o\000n\000t\000e\000x\000t\000e\000\040\000d\000u\000\040\000p\000r\000o\000j\000e\000t}{table.caption.3}% 20
\BOOKMARK [1][-]{section*.4}{\376\377\000I\000.\0003\000\040\000P\000r\000o\000b\000l\000\351\000m\000a\000t\000i\000q\000u\000e\000\040\000e\000t\000\040\000j\000u\000s\000t\000i\000f\000i\000c\000a\000t\000i\000o\000n\000\040\000d\000u\000\040\000p\000r\000o\000j\000e\000t}{table.0.1}% 21
\BOOKMARK [1][-]{section*.4}{\376\377\000I\000.\0004\000\040\000O\000b\000j\000e\000c\000t\000i\000f\000s\000\040\000e\000t\000\040\000p\000\351\000r\000i\000m\000\350\000t\000r\000e\000\040\000d\000u\000\040\000p\000r\000o\000j\000e\000t}{table.0.1}% 22
\BOOKMARK [1][-]{section*.4}{\376\377\000I\000.\0005\000\040\000M\000\351\000t\000h\000o\000d\000o\000l\000o\000g\000i\000e\000\040\000e\000t\000\040\000p\000l\000a\000n\000\040\000d\000e\000\040\000t\000r\000a\000v\000a\000i\000l}{table.0.1}% 23
\BOOKMARK [2][-]{section*.5}{\376\377\000I\000.\0005\000.\0001\000\040\000M\000\351\000t\000h\000o\000d\000o\000l\000o\000g\000i\000e\000\040\000d\000e\000\040\000g\000e\000s\000t\000i\000o\000n\000\040\000d\000e\000\040\000p\000r\000o\000j\000e\000t\000\040\000:\000\040\000S\000c\000r\000u\000m}{section*.4}% 24
\BOOKMARK [2][-]{section*.5}{\376\377\000I\000.\0005\000.\0002\000\040\000P\000l\000a\000n\000\040\000d\000e\000\040\000t\000r\000a\000v\000a\000i\000l\000\040\000e\000t\000\040\000\351\000t\000a\000p\000e\000s\000\040\000d\000e\000\040\000r\000\351\000a\000l\000i\000s\000a\000t\000i\000o\000n}{section*.4}% 25
\BOOKMARK [2][-]{Item.5}{\376\377\000I\000.\0005\000.\0003\000\040\000O\000u\000t\000i\000l\000s\000\040\000d\000e\000\040\000c\000o\000l\000l\000a\000b\000o\000r\000a\000t\000i\000o\000n\000\040\000e\000t\000\040\000e\000n\000v\000i\000r\000o\000n\000n\000e\000m\000e\000n\000t\000\040\000t\000e\000c\000h\000n\000i\000q\000u\000e}{section*.4}% 26
\BOOKMARK [0][-]{Item.5}{\376\377\000C\000H\000A\000P\000I\000T\000R\000E\000\040\000I\000I\000\040\000-\000\040\000A\000N\000A\000L\000Y\000S\000E\000\040\000E\000T\000\040\000C\000O\000N\000C\000E\000P\000T\000I\000O\000N}{}% 27
\BOOKMARK [1][-]{section*.6}{\376\377\000I\000I\000.\0001\000\040\000A\000n\000a\000l\000y\000s\000e\000\040\000d\000e\000\040\000l\000'\000e\000x\000i\000s\000t\000a\000n\000t\000\040\000e\000t\000\040\000\311\000t\000a\000t\000\040\000d\000e\000\040\000l\000'\000A\000r\000t}{Item.5}% 28
\BOOKMARK [2][-]{figure.caption.7}{\376\377\000I\000I\000.\0001\000.\0001\000\040\000\311\000v\000o\000l\000u\000t\000i\000o\000n\000\040\000d\000e\000s\000\040\000a\000r\000c\000h\000i\000t\000e\000c\000t\000u\000r\000e\000s\000\040\000l\000o\000g\000i\000c\000i\000e\000l\000l\000e\000s\000\040\000:\000\040\000U\000n\000\040\000p\000a\000r\000c\000o\000u\000r\000s\000\040\000h\000i\000s\000t\000o\000r\000i\000q\000u\000e}{Item.5}% 29
\BOOKMARK [2][-]{Item.10}{\376\377\000I\000I\000.\0001\000.\0002\000\040\000L\000'\000A\000r\000c\000h\000i\000t\000e\000c\000t\000u\000r\000e\000\040\000M\000o\000n\000o\000l\000i\000t\000h\000i\000q\000u\000e\000\040\000:\000\040\000A\000n\000a\000l\000y\000s\000e\000\040\000d\000u\000\040\000M\000o\000d\000\350\000l\000e\000\040\000T\000r\000a\000d\000i\000t\000i\000o\000n\000n\000e\000l}{Item.5}% 30
\BOOKMARK [3][-]{section*.8}{\376\377\000I\000I\000.\0001\000.\0002\000.\0001\000\040\000C\000a\000r\000a\000c\000t\000\351\000r\000i\000s\000t\000i\000q\000u\000e\000s\000\040\000e\000t\000\040\000M\000o\000d\000\350\000l\000e\000\040\000d\000e\000\040\000D\000\351\000p\000l\000o\000i\000e\000m\000e\000n\000t}{Item.10}% 31
\BOOKMARK [3][-]{section*.8}{\376\377\000I\000I\000.\0001\000.\0002\000.\0002\000\040\000A\000t\000o\000u\000t\000s\000\040\000T\000e\000c\000h\000n\000i\000q\000u\000e\000s\000\040\000e\000t\000\040\000O\000p\000\351\000r\000a\000t\000i\000o\000n\000n\000e\000l\000s}{Item.10}% 32
\BOOKMARK [3][-]{section*.8}{\376\377\000I\000I\000.\0001\000.\0002\000.\0003\000\040\000L\000i\000m\000i\000t\000e\000s\000\040\000S\000t\000r\000u\000c\000t\000u\000r\000e\000l\000l\000e\000s\000\040\000e\000t\000\040\000l\000e\000\040\000p\000h\000\351\000n\000o\000m\000\350\000n\000e\000\040\000"\000B\000i\000g\000\040\000B\000a\000l\000l\000\040\000o\000f\000\040\000M\000u\000d\000"}{Item.10}% 33
\BOOKMARK [2][-]{table.caption.9}{\376\377\000I\000I\000.\0001\000.\0003\000\040\000L\000e\000\040\000f\000r\000a\000m\000e\000w\000o\000r\000k\000\040\000N\000e\000s\000t\000J\000S\000\040\000:\000\040\000H\000i\000s\000t\000o\000r\000i\000q\000u\000e\000\040\000e\000t\000\040\000S\000t\000r\000u\000c\000t\000u\000r\000e}{Item.5}% 34
\BOOKMARK [3][-]{section*.10}{\376\377\000H\000i\000s\000t\000o\000r\000i\000q\000u\000e\000\040\000e\000t\000\040\000g\000e\000n\000\350\000s\000e}{table.caption.9}% 35
\BOOKMARK [3][-]{section*.10}{\376\377\000C\000o\000n\000c\000e\000p\000t\000s\000\040\000f\000o\000n\000d\000a\000m\000e\000n\000t\000a\000u\000x\000\040\000e\000t\000\040\000a\000r\000c\000h\000i\000t\000e\000c\000t\000u\000r\000e\000\040\000d\000e\000\040\000N\000e\000s\000t\000J\000S}{table.caption.9}% 36
\BOOKMARK [3][-]{figure.caption.11}{\376\377\000A\000v\000a\000n\000t\000a\000g\000e\000s\000,\000\040\000i\000n\000c\000o\000n\000v\000\351\000n\000i\000e\000n\000t\000s\000\040\000e\000t\000\040\000p\000e\000r\000f\000o\000r\000m\000a\000n\000c\000e\000s\000\040\000d\000e\000\040\000N\000e\000s\000t\000J\000S}{table.caption.9}% 37
\BOOKMARK [1][-]{figure.caption.11}{\376\377\000I\000I\000.\0002\000\040\000F\000o\000n\000d\000e\000m\000e\000n\000t\000s\000\040\000T\000h\000\351\000o\000r\000i\000q\000u\000e\000s\000\040\000e\000t\000\040\000C\000o\000n\000t\000r\000a\000i\000n\000t\000e\000s\000\040\000D\000i\000s\000t\000r\000i\000b\000u\000\351\000e\000s}{Item.5}% 38
\BOOKMARK [2][-]{section*.12}{\376\377\000I\000I\000.\0002\000.\0001\000\040\000L\000e\000\040\000T\000h\000\351\000o\000r\000\350\000m\000e\000\040\000C\000A\000P\000\040\000:\000\040\000L\000e\000\040\000d\000i\000l\000e\000m\000m\000e\000\040\000d\000e\000\040\000l\000a\000\040\000d\000i\000s\000t\000r\000i\000b\000u\000t\000i\000o\000n}{figure.caption.11}% 39
\BOOKMARK [2][-]{section*.12}{\376\377\000I\000I\000.\0002\000.\0002\000\040\000P\000a\000t\000t\000e\000r\000n\000s\000\040\000d\000e\000\040\000R\000\351\000s\000i\000l\000i\000e\000n\000c\000e\000\040\000:\000\040\000P\000r\000\351\000v\000e\000n\000i\000r\000\040\000l\000'\000e\000f\000f\000e\000t\000\040\000d\000o\000m\000i\000n\000o}{figure.caption.11}% 40
\BOOKMARK [1][-]{section*.12}{\376\377\000I\000I\000.\0003\000\040\000D\000\351\000c\000o\000u\000p\000a\000g\000e\000\040\000M\000\351\000t\000i\000e\000r\000\040\000:\000\040\000L\000e\000\040\000D\000o\000m\000a\000i\000n\000-\000D\000r\000i\000v\000e\000n\000\040\000D\000e\000s\000i\000g\000n\000\040\000\050\000D\000D\000D\000\051}{Item.5}% 41
\BOOKMARK [1][-]{section*.12}{\376\377\000I\000I\000.\0004\000\040\000M\000o\000d\000\351\000l\000i\000s\000a\000t\000i\000o\000n\000\040\000d\000e\000s\000\040\000M\000i\000c\000r\000o\000s\000e\000r\000v\000i\000c\000e\000s\000\040\000e\000t\000\040\000C\000o\000m\000m\000u\000n\000i\000c\000a\000t\000i\000o\000n\000s}{Item.5}% 42
\BOOKMARK [2][-]{section*.13}{\376\377\000I\000I\000.\0004\000.\0001\000\040\000A\000P\000I\000\040\000G\000a\000t\000e\000w\000a\000y\000\040\000e\000t\000\040\000B\000a\000c\000k\000e\000n\000d\000-\000f\000o\000r\000-\000F\000r\000o\000n\000t\000e\000n\000d\000\040\000\050\000B\000F\000F\000\051}{section*.12}% 43
\BOOKMARK [2][-]{section*.13}{\376\377\000I\000I\000.\0004\000.\0002\000\040\000C\000h\000o\000r\000\351\000g\000r\000a\000p\000h\000i\000e\000\040\000:\000\040\000L\000a\000\040\000f\000o\000r\000c\000e\000\040\000d\000e\000\040\000l\000'\000a\000s\000y\000n\000c\000h\000r\000o\000n\000i\000s\000m\000e}{section*.12}% 44
\BOOKMARK [2][-]{figure.caption.14}{\376\377\000I\000I\000.\0004\000.\0003\000\040\000M\000o\000d\000\351\000l\000i\000s\000a\000t\000i\000o\000n\000\040\000d\000e\000s\000\040\000c\000l\000a\000s\000s\000e\000s\000\040\000l\000o\000g\000i\000q\000u\000e\000s\000\040\000d\000e\000s\000\040\000m\000i\000c\000r\000o\000s\000e\000r\000v\000i\000c\000e\000s}{section*.12}% 45
\BOOKMARK [1][-]{figure.caption.15}{\376\377\000I\000I\000.\0005\000\040\000A\000r\000c\000h\000i\000t\000e\000c\000t\000u\000r\000e\000\040\000d\000e\000\040\000P\000e\000r\000s\000i\000s\000t\000a\000n\000c\000e\000\040\000e\000t\000\040\000B\000a\000s\000e\000\040\000d\000e\000\040\000D\000o\000n\000n\000\351\000e\000s}{Item.5}% 46
\BOOKMARK [2][-]{section*.16}{\376\377\000I\000I\000.\0005\000.\0001\000\040\000J\000u\000s\000t\000i\000f\000i\000c\000a\000t\000i\000o\000n\000\040\000d\000e\000s\000\040\000c\000h\000o\000i\000x\000\040\000t\000e\000c\000h\000n\000o\000l\000o\000g\000i\000q\000u\000e\000s}{figure.caption.15}% 47
\BOOKMARK [3][-]{table.caption.17}{\376\377\000I\000I\000.\0005\000.\0001\000.\0001\000\040\000J\000u\000s\000t\000i\000f\000i\000c\000a\000t\000i\000o\000n\000\040\000d\000u\000\040\000c\000h\000o\000i\000x\000\040\000d\000e\000\040\000P\000o\000s\000t\000g\000r\000e\000S\000Q\000L}{figure.caption.15}% 48
\BOOKMARK [3][-]{Item.14}{\376\377\000I\000I\000.\0005\000.\0001\000.\0002\000\040\000J\000u\000s\000t\000i\000f\000i\000c\000a\000t\000i\000o\000n\000\040\000d\000u\000\040\000c\000h\000o\000i\000x\000\040\000d\000e\000\040\000M\000o\000n\000g\000o\000D\000B}{figure.caption.15}% 49
\BOOKMARK [3][-]{Item.18}{\376\377\000I\000I\000.\0005\000.\0001\000.\0003\000\040\000J\000u\000s\000t\000i\000f\000i\000c\000a\000t\000i\000o\000n\000\040\000d\000e\000s\000\040\000t\000e\000c\000h\000n\000o\000l\000o\000g\000i\000e\000s\000\040\000a\000p\000p\000l\000i\000c\000a\000t\000i\000v\000e\000s\000\040\000e\000t\000\040\000s\000e\000r\000v\000i\000c\000e\000s\000\040\000t\000i\000e\000r\000s}{figure.caption.15}% 50
\BOOKMARK [2][-]{Item.21}{\376\377\000I\000I\000.\0005\000.\0002\000\040\000G\000e\000s\000t\000i\000o\000n\000\040\000d\000e\000s\000\040\000t\000r\000a\000n\000s\000a\000c\000t\000i\000o\000n\000s\000\040\000d\000i\000s\000t\000r\000i\000b\000u\000\351\000e\000s\000\040\000:\000\040\000P\000a\000t\000t\000e\000r\000n\000\040\000S\000a\000g\000a}{figure.caption.15}% 51
\BOOKMARK [3][-]{section*.18}{\376\377\000D\000\351\000f\000i\000n\000i\000t\000i\000o\000n\000\040\000f\000o\000r\000m\000e\000l\000l\000e}{Item.21}% 52
\BOOKMARK [3][-]{section*.18}{\376\377\000I\000I\000.\0005\000.\0002\000.\0001\000\040\000O\000r\000c\000h\000e\000s\000t\000r\000a\000t\000i\000o\000n\000\040\000\050\000C\000e\000n\000t\000r\000a\000l\000i\000s\000\351\000e\000\051}{Item.21}% 53
\BOOKMARK [3][-]{section*.18}{\376\377\000I\000I\000.\0005\000.\0002\000.\0002\000\040\000C\000h\000o\000r\000\351\000g\000r\000a\000p\000h\000i\000e\000\040\000\050\000D\000\351\000c\000e\000n\000t\000r\000a\000l\000i\000s\000\351\000e\000\051}{Item.21}% 54
\BOOKMARK [3][-]{section*.18}{\376\377\000E\000x\000e\000m\000p\000l\000e\000\040\000c\000o\000n\000c\000r\000e\000t\000\040\000:\000\040\000C\000o\000m\000m\000a\000n\000d\000e\000\040\000d\000e\000\040\000m\000\351\000d\000i\000c\000a\000m\000e\000n\000t}{Item.21}% 55
\BOOKMARK [2][-]{table.caption.19}{\376\377\000I\000I\000.\0005\000.\0003\000\040\000T\000r\000a\000\347\000a\000b\000i\000l\000i\000t\000\351\000\040\000D\000i\000s\000t\000r\000i\000b\000u\000\351\000e\000\040\000:\000\040\000L\000'\000e\000n\000j\000e\000u\000\040\000d\000e\000\040\000l\000'\000o\000b\000s\000e\000r\000v\000a\000b\000i\000l\000i\000t\000\351}{figure.caption.15}% 56
\BOOKMARK [1][-]{table.caption.19}{\376\377\000I\000I\000.\0006\000\040\000M\000o\000d\000\351\000l\000i\000s\000a\000t\000i\000o\000n\000\040\000d\000e\000\040\000l\000a\000\040\000S\000\351\000c\000u\000r\000i\000t\000\351\000\040\000:\000\040\000Z\000e\000r\000o\000\040\000T\000r\000u\000s\000t\000\040\000A\000r\000c\000h\000i\000t\000e\000c\000t\000u\000r\000e}{Item.5}% 57
\BOOKMARK [2][-]{section*.20}{\376\377\000I\000I\000.\0006\000.\0001\000\040\000A\000r\000c\000h\000i\000t\000e\000c\000t\000u\000r\000e\000\040\000d\000e\000\040\000s\000\351\000c\000u\000r\000i\000t\000\351\000\040\000e\000n\000\040\000c\000o\000u\000c\000h\000e\000s}{table.caption.19}% 58
\BOOKMARK [2][-]{figure.caption.21}{\376\377\000I\000I\000.\0006\000.\0002\000\040\000G\000e\000s\000t\000i\000o\000n\000\040\000d\000e\000s\000\040\000r\000\364\000l\000e\000s\000\040\000e\000t\000\040\000p\000e\000r\000m\000i\000s\000s\000i\000o\000n\000s}{table.caption.19}% 59
\BOOKMARK [1][-]{figure.caption.21}{\376\377\000I\000I\000.\0007\000\040\000M\000o\000d\000\351\000l\000i\000s\000a\000t\000i\000o\000n\000\040\000d\000e\000s\000\040\000F\000l\000u\000x\000\040\000e\000t\000\040\000C\000a\000s\000\040\000d\000'\000U\000s\000a\000g\000e}{Item.5}% 60
\BOOKMARK [2][-]{section*.22}{\376\377\000I\000I\000.\0007\000.\0001\000\040\000P\000r\000o\000c\000e\000s\000s\000u\000s\000\040\000m\000\351\000t\000i\000e\000r\000\040\000d\000e\000\040\000c\000o\000m\000m\000a\000n\000d\000e}{figure.caption.21}% 61
\BOOKMARK [0][-]{figure.caption.24}{\376\377\000C\000H\000A\000P\000I\000T\000R\000E\000\040\000I\000I\000I\000\040\000-\000\040\000R\000\311\000A\000L\000I\000S\000A\000T\000I\000O\000N}{}% 62
\BOOKMARK [1][-]{section*.25}{\376\377\000I\000I\000I\000.\0001\000\040\000O\000r\000g\000a\000n\000i\000s\000a\000t\000i\000o\000n\000\040\000d\000u\000\040\000P\000r\000o\000j\000e\000t\000\040\000e\000t\000\040\000A\000r\000b\000o\000r\000e\000s\000c\000e\000n\000c\000e}{figure.caption.24}% 63
\BOOKMARK [1][-]{figure.caption.26}{\376\377\000I\000I\000I\000.\0002\000\040\000E\000n\000v\000i\000r\000o\000n\000n\000e\000m\000e\000n\000t\000\040\000T\000e\000c\000h\000n\000o\000l\000o\000g\000i\000q\000u\000e\000\040\000e\000t\000\040\000O\000u\000t\000i\000l\000s}{figure.caption.24}% 64
\BOOKMARK [2][-]{section*.27}{\376\377\000I\000I\000I\000.\0001\000.\0001\000\040\000F\000r\000a\000m\000e\000w\000o\000r\000k\000\040\000N\000e\000s\000t\000J\000S}{figure.caption.26}% 65
\BOOKMARK [2][-]{section*.27}{\376\377\000I\000I\000I\000.\0001\000.\0002\000\040\000C\000o\000m\000m\000u\000n\000i\000c\000a\000t\000i\000o\000n\000\040\000:\000\040\000R\000a\000b\000b\000i\000t\000M\000Q}{figure.caption.26}% 66
\BOOKMARK [2][-]{section*.27}{\376\377\000I\000I\000I\000.\0001\000.\0003\000\040\000B\000a\000s\000e\000s\000\040\000d\000e\000\040\000d\000o\000n\000n\000\351\000e\000s\000\040\000e\000t\000\040\000O\000R\000M}{figure.caption.26}% 67
\BOOKMARK [2][-]{section*.27}{\376\377\000I\000I\000I\000.\0002\000.\0001\000\040\000G\000e\000s\000t\000i\000o\000n\000\040\000d\000e\000\040\000l\000a\000\040\000C\000o\000n\000f\000i\000g\000u\000r\000a\000t\000i\000o\000n\000\040\000e\000t\000\040\000d\000e\000s\000\040\000S\000e\000c\000r\000e\000t\000s}{figure.caption.26}% 68
\BOOKMARK [1][-]{section*.27}{\376\377\000I\000I\000I\000.\0003\000\040\000A\000r\000c\000h\000i\000t\000e\000c\000t\000u\000r\000e\000\040\000I\000n\000t\000e\000r\000n\000e\000\040\000e\000t\000\040\000P\000a\000t\000r\000o\000n\000s\000\040\000d\000e\000\040\000C\000o\000n\000c\000e\000p\000t\000i\000o\000n}{figure.caption.24}% 69
\BOOKMARK [2][-]{section*.28}{\376\377\000I\000I\000I\000.\0002\000.\0001\000\040\000O\000r\000g\000a\000n\000i\000s\000a\000t\000i\000o\000n\000\040\000e\000n\000\040\000c\000o\000u\000c\000h\000e\000s}{section*.27}% 70
\BOOKMARK [2][-]{Item.37}{\376\377\000I\000I\000I\000.\0002\000.\0002\000\040\000F\000l\000u\000x\000\040\000d\000e\000\040\000d\000o\000n\000n\000\351\000e\000s\000\040\000e\000t\000\040\000D\000T\000O\000s}{section*.27}% 71
\BOOKMARK [1][-]{Item.37}{\376\377\000I\000I\000I\000.\0003\000.\0003\000\040\000T\000a\000b\000l\000e\000a\000u\000\040\000R\000\351\000c\000a\000p\000i\000t\000u\000l\000a\000t\000i\000f\000\040\000d\000e\000s\000\040\000M\000i\000c\000r\000o\000s\000e\000r\000v\000i\000c\000e\000s}{figure.caption.24}% 72
\BOOKMARK [1][-]{table.caption.29}{\376\377\000I\000I\000I\000.\0004\000\040\000D\000\351\000v\000e\000l\000o\000p\000p\000e\000m\000e\000n\000t\000\040\000d\000e\000\040\000l\000'\000A\000P\000I\000\040\000G\000a\000t\000e\000w\000a\000y}{figure.caption.24}% 73
\BOOKMARK [2][-]{section*.30}{\376\377\000I\000I\000I\000.\0004\000.\0001\000\040\000A\000r\000c\000h\000i\000t\000e\000c\000t\000u\000r\000e\000\040\000e\000t\000\040\000R\000e\000s\000p\000o\000n\000s\000a\000b\000i\000l\000i\000t\000\351\000s}{table.caption.29}% 74
\BOOKMARK [2][-]{section*.30}{\376\377\000I\000I\000I\000.\0004\000.\0002\000\040\000C\000o\000o\000r\000d\000i\000n\000a\000t\000i\000o\000n\000\040\000I\000n\000t\000e\000r\000-\000s\000e\000r\000v\000i\000c\000e\000s}{table.caption.29}% 75
\BOOKMARK [2][-]{section*.30}{\376\377\000I\000I\000I\000.\0004\000.\0003\000\040\000G\000e\000s\000t\000i\000o\000n\000\040\000d\000e\000s\000\040\000E\000x\000c\000e\000p\000t\000i\000o\000n\000s\000\040\000\050\000R\000p\000c\000E\000x\000c\000e\000p\000t\000i\000o\000n\000F\000i\000l\000t\000e\000r\000\051}{table.caption.29}% 76
\BOOKMARK [2][-]{section*.30}{\376\377\000I\000I\000I\000.\0004\000.\0004\000\040\000C\000o\000n\000t\000r\000a\000t\000\040\000d\000'\000A\000P\000I\000\040\000:\000\040\000R\000\351\000f\000\351\000r\000e\000n\000c\000e\000\040\000d\000e\000s\000\040\000E\000n\000d\000p\000o\000i\000n\000t\000s}{table.caption.29}% 77
\BOOKMARK [1][-]{table.caption.31}{\376\377\000I\000I\000I\000.\0005\000\040\000I\000m\000p\000l\000\351\000m\000e\000n\000t\000a\000t\000i\000o\000n\000\040\000d\000e\000s\000\040\000M\000i\000c\000r\000o\000s\000e\000r\000v\000i\000c\000e\000s\000\040\000C\000o\000r\000e}{figure.caption.24}% 78
\BOOKMARK [2][-]{section*.32}{\376\377\000I\000I\000I\000.\0005\000.\0001\000\040\000P\000r\000o\000d\000u\000c\000t\000\040\000M\000a\000n\000a\000g\000e\000r\000\040\000:\000\040\000C\000a\000t\000a\000l\000o\000g\000u\000e\000\040\000e\000t\000\040\000C\000a\000t\000\351\000g\000o\000r\000i\000e\000s}{table.caption.31}% 79
\BOOKMARK [2][-]{section*.32}{\376\377\000I\000I\000I\000.\0005\000.\0002\000\040\000I\000n\000v\000e\000n\000t\000o\000r\000y\000\040\000M\000a\000n\000a\000g\000e\000r\000\040\000:\000\040\000T\000r\000a\000n\000s\000a\000c\000t\000i\000o\000n\000s\000\040\000P\000o\000s\000t\000g\000r\000e\000S\000Q\000L}{table.caption.31}% 80
\BOOKMARK [2][-]{section*.32}{\376\377\000I\000I\000I\000.\0005\000.\0003\000\040\000F\000i\000l\000e\000\040\000M\000a\000n\000a\000g\000e\000r\000\040\000:\000\040\000S\000t\000o\000c\000k\000a\000g\000e\000\040\000S\0003}{table.caption.31}% 81
\BOOKMARK [3][-]{section*.33}{\376\377\000I\000I\000I\000.\0005\000.\0003\000.\0001\000\040\000O\000p\000t\000i\000m\000i\000s\000a\000t\000i\000o\000n\000\040\000:\000\040\000U\000R\000L\000\040\000P\000r\000\351\000-\000s\000i\000g\000n\000\351\000e\000\040\000p\000o\000u\000r\000\040\000l\000'\000U\000p\000l\000o\000a\000d\000\040\000D\000i\000r\000e\000c\000t}{section*.32}% 82
\BOOKMARK [2][-]{Item.41}{\376\377\000I\000I\000I\000.\0005\000.\0004\000\040\000O\000r\000d\000e\000r\000\040\000M\000a\000n\000a\000g\000e\000r\000\040\000e\000t\000\040\000l\000a\000\040\000S\000a\000g\000a\000\040\000d\000e\000\040\000C\000o\000m\000p\000e\000n\000s\000a\000t\000i\000o\000n}{table.caption.31}% 83
\BOOKMARK [2][-]{Item.41}{\376\377\000I\000I\000I\000.\0005\000.\0005\000\040\000P\000a\000y\000m\000e\000n\000t\000\040\000M\000a\000n\000a\000g\000e\000r\000\040\000e\000t\000\040\000N\000o\000t\000i\000f\000i\000c\000a\000t\000i\000o\000n\000\040\000M\000a\000n\000a\000g\000e\000r}{table.caption.31}% 84
\BOOKMARK [1][-]{Item.41}{\376\377\000I\000I\000I\000.\0006\000\040\000S\000\351\000c\000u\000r\000i\000s\000a\000t\000i\000o\000n\000\040\000e\000t\000\040\000G\000e\000s\000t\000i\000o\000n\000\040\000d\000e\000s\000\040\000A\000c\000c\000\350\000s}{figure.caption.24}% 85
\BOOKMARK [2][-]{section*.34}{\376\377\000I\000I\000I\000.\0006\000.\0001\000\040\000S\000t\000r\000a\000t\000\351\000g\000i\000e\000\040\000d\000'\000A\000u\000t\000h\000e\000n\000t\000i\000f\000i\000c\000a\000t\000i\000o\000n\000\040\000J\000W\000T}{Item.41}% 86
\BOOKMARK [2][-]{section*.34}{\376\377\000I\000I\000I\000.\0006\000.\0002\000\040\000C\000o\000n\000t\000r\000\364\000l\000e\000\040\000d\000'\000a\000c\000c\000\350\000s\000\040\000p\000a\000r\000\040\000r\000\364\000l\000e\000s\000\040\000\050\000R\000B\000A\000C\000\051}{Item.41}% 87
\BOOKMARK [2][-]{section*.34}{\376\377\000I\000I\000I\000.\0006\000.\0003\000\040\000P\000r\000o\000p\000a\000g\000a\000t\000i\000o\000n\000\040\000d\000e\000\040\000l\000'\000i\000d\000e\000n\000t\000i\000t\000\351}{Item.41}% 88
\BOOKMARK [1][-]{section*.34}{\376\377\000I\000I\000I\000.\0007\000\040\000O\000r\000c\000h\000e\000s\000t\000r\000a\000t\000i\000o\000n\000\040\000e\000t\000\040\000D\000e\000v\000O\000p\000s}{figure.caption.24}% 89
\BOOKMARK [2][-]{section*.35}{\376\377\000I\000I\000I\000.\0007\000.\0001\000\040\000C\000o\000n\000s\000t\000r\000u\000c\000t\000i\000o\000n\000\040\000d\000e\000s\000\040\000i\000m\000a\000g\000e\000s\000\040\000:\000\040\000M\000u\000l\000t\000i\000-\000s\000t\000a\000g\000e\000\040\000B\000u\000i\000l\000d\000i\000n\000g}{section*.34}% 90
\BOOKMARK [2][-]{section*.35}{\376\377\000I\000I\000I\000.\0007\000.\0002\000\040\000O\000r\000c\000h\000e\000s\000t\000r\000a\000t\000i\000o\000n\000\040\000:\000\040\000D\000o\000c\000k\000e\000r\000\040\000C\000o\000m\000p\000o\000s\000e}{section*.34}% 91
\BOOKMARK [2][-]{figure.caption.36}{\376\377\000I\000I\000I\000.\0007\000.\0003\000\040\000W\000o\000r\000k\000f\000l\000o\000w\000\040\000d\000e\000\040\000d\000\351\000v\000e\000l\000o\000p\000p\000e\000m\000e\000n\000t}{section*.34}% 92
\BOOKMARK [1][-]{figure.caption.36}{\376\377\000I\000I\000I\000.\0008\000\040\000O\000b\000s\000e\000r\000v\000a\000b\000i\000l\000i\000t\000\351\000\040\000e\000t\000\040\000T\000r\000a\000\347\000a\000b\000i\000l\000i\000t\000\351\000\040\000D\000i\000s\000t\000r\000i\000b\000u\000\351\000e}{figure.caption.24}% 93
\BOOKMARK [2][-]{section*.37}{\376\377\000I\000I\000I\000.\0008\000.\0001\000\040\000I\000n\000s\000t\000r\000u\000m\000e\000n\000t\000a\000t\000i\000o\000n\000\040\000v\000i\000a\000\040\000l\000a\000\040\000S\000h\000a\000r\000e\000d\000\040\000L\000i\000b\000r\000a\000r\000y}{figure.caption.36}% 94
\BOOKMARK [1][-]{section*.37}{\376\377\000I\000I\000I\000.\0009\000\040\000S\000t\000r\000a\000t\000\351\000g\000i\000e\000\040\000d\000e\000\040\000T\000e\000s\000t\000\040\000e\000t\000\040\000V\000a\000l\000i\000d\000a\000t\000i\000o\000n}{figure.caption.24}% 95
\BOOKMARK [1][-]{Item.44}{\376\377\000I\000I\000I\000.\0001\0000\000\040\000V\000i\000s\000u\000a\000l\000i\000s\000a\000t\000i\000o\000n\000\040\000d\000e\000\040\000l\000'\000I\000n\000t\000e\000r\000f\000a\000c\000e\000\040\000U\000t\000i\000l\000i\000s\000a\000t\000e\000u\000r\000\040\000\050\000F\000r\000o\000n\000t\000e\000n\000d\000\051}{figure.caption.24}% 96
\BOOKMARK [2][-]{section*.38}{\376\377\000I\000I\000I\000.\0001\0000\000.\0001\000\040\000L\000'\000E\000s\000p\000a\000c\000e\000\040\000C\000l\000i\000e\000n\000t\000\040\000\050\000I\000n\000t\000e\000r\000f\000a\000c\000e\000\040\000d\000e\000\040\000V\000e\000n\000t\000e\000\051}{Item.44}% 97
\BOOKMARK [2][-]{figure.caption.40}{\376\377\000I\000I\000I\000.\0001\0000\000.\0002\000\040\000L\000'\000E\000s\000p\000a\000c\000e\000\040\000A\000d\000m\000i\000n\000i\000s\000t\000r\000a\000t\000e\000u\000r\000\040\000\050\000G\000e\000s\000t\000i\000o\000n\000\040\000O\000f\000f\000i\000c\000i\000n\000a\000l\000e\000\051}{Item.44}% 98
\BOOKMARK [3][-]{section*.41}{\376\377\000I\000I\000I\000.\0001\0000\000.\0002\000.\0001\000\040\000T\000a\000b\000l\000e\000a\000u\000\040\000d\000e\000\040\000b\000o\000r\000d\000\040\000e\000t\000\040\000i\000n\000d\000i\000c\000a\000t\000e\000u\000r\000s\000\040\000d\000e\000\040\000p\000e\000r\000f\000o\000r\000m\000a\000n\000c\000e}{figure.caption.40}% 99
\BOOKMARK [3][-]{figure.caption.42}{\376\377\000I\000I\000I\000.\0001\0000\000.\0002\000.\0002\000\040\000G\000e\000s\000t\000i\000o\000n\000\040\000d\000u\000\040\000c\000a\000t\000a\000l\000o\000g\000u\000e\000\040\000e\000t\000\040\000d\000e\000s\000\040\000i\000n\000v\000e\000n\000t\000a\000i\000r\000e\000s}{figure.caption.40}% 100
\BOOKMARK [0][-]{figure.caption.43}{\376\377\000C\000H\000A\000P\000I\000T\000R\000E\000\040\000I\000V\000\040\000-\000\040\000R\000\311\000S\000U\000L\000T\000A\000T\000S\000\040\000E\000T\000\040\000A\000N\000A\000L\000Y\000S\000E}{}% 101
\BOOKMARK [1][-]{section*.44}{\376\377\000I\000V\000.\0001\000\040\000\311\000v\000a\000l\000u\000a\000t\000i\000o\000n\000\040\000d\000e\000s\000\040\000p\000e\000r\000f\000o\000r\000m\000a\000n\000c\000e\000s\000\040\000e\000t\000\040\000d\000e\000\040\000l\000a\000\040\000s\000c\000a\000l\000a\000b\000i\000l\000i\000t\000\351}{figure.caption.43}% 102
\BOOKMARK [2][-]{section*.44}{\376\377\000I\000V\000.\0001\000.\0001\000\040\000T\000e\000m\000p\000s\000\040\000d\000e\000\040\000r\000\351\000p\000o\000n\000s\000e\000\040\000e\000t\000\040\000l\000a\000t\000e\000n\000c\000e}{figure.caption.43}% 103
\BOOKMARK [2][-]{section*.44}{\376\377\000I\000V\000.\0001\000.\0002\000\040\000M\000o\000n\000t\000\351\000e\000\040\000e\000n\000\040\000c\000h\000a\000r\000g\000e\000\040\000\050\000S\000c\000a\000l\000a\000b\000i\000l\000i\000t\000\351\000\051}{figure.caption.43}% 104
\BOOKMARK [1][-]{section*.44}{\376\377\000I\000V\000.\0002\000\040\000A\000n\000a\000l\000y\000s\000e\000\040\000d\000e\000\040\000l\000a\000\040\000q\000u\000a\000l\000i\000t\000\351\000\040\000l\000o\000g\000i\000c\000i\000e\000l\000l\000e\000\040\000e\000t\000\040\000m\000a\000i\000n\000t\000e\000n\000a\000b\000i\000l\000i\000t\000\351}{figure.caption.43}% 105
\BOOKMARK [2][-]{section*.45}{\376\377\000I\000V\000.\0002\000.\0001\000\040\000I\000n\000d\000\351\000p\000e\000n\000d\000a\000n\000c\000e\000\040\000d\000e\000s\000\040\000d\000\351\000p\000l\000o\000i\000e\000m\000e\000n\000t\000s}{section*.44}% 106
\BOOKMARK [2][-]{section*.45}{\376\377\000I\000V\000.\0002\000.\0002\000\040\000C\000l\000a\000r\000t\000\351\000\040\000d\000u\000\040\000c\000o\000d\000e\000\040\000e\000t\000\040\000i\000s\000o\000l\000a\000t\000i\000o\000n\000\040\000d\000e\000s\000\040\000f\000a\000u\000t\000e\000s}{section*.44}% 107
\BOOKMARK [2][-]{section*.45}{\376\377\000I\000V\000.\0002\000.\0003\000\040\000M\000u\000t\000u\000a\000l\000i\000s\000a\000t\000i\000o\000n\000\040\000d\000u\000\040\000c\000o\000d\000e\000\040\000e\000t\000\040\000s\000\351\000c\000u\000r\000i\000t\000\351\000\040\000d\000u\000\040\000t\000y\000p\000a\000g\000e}{section*.44}% 108
\BOOKMARK [2][-]{section*.45}{\376\377\000I\000V\000.\0002\000.\0004\000\040\000M\000e\000s\000u\000r\000e\000s\000\040\000e\000t\000\040\000S\000y\000n\000t\000h\000\350\000s\000e\000\040\000c\000o\000m\000p\000a\000r\000a\000t\000i\000v\000e\000\040\000\050\000A\000v\000a\000n\000t\000\040\000/\000\040\000A\000p\000r\000\350\000s\000\051}{section*.44}% 109
\BOOKMARK [3][-]{section*.46}{\376\377\000I\000V\000.\0002\000.\0004\000.\0001\000\040\000A\000n\000a\000l\000y\000s\000e\000\040\000c\000o\000m\000p\000a\000r\000a\000t\000i\000v\000e\000\040\000d\000e\000\040\000l\000a\000\040\000p\000e\000r\000f\000o\000r\000m\000a\000n\000c\000e\000\040\000e\000t\000\040\000l\000i\000m\000i\000t\000e\000s\000\040\000d\000u\000\040\000s\000y\000s\000t\000\350\000m\000e}{section*.45}% 110
\BOOKMARK [3][-]{figure.caption.48}{\376\377\000I\000V\000.\0002\000.\0004\000.\0002\000\040\000M\000e\000s\000u\000r\000e\000\040\000c\000o\000m\000p\000a\000r\000a\000t\000i\000v\000e\000\040\000d\000u\000\040\000t\000e\000m\000p\000s\000\040\000d\000e\000\040\000d\000\351\000m\000a\000r\000r\000a\000g\000e}{section*.45}% 111
\BOOKMARK [3][-]{figure.caption.50}{\376\377\000I\000V\000.\0002\000.\0004\000.\0003\000\040\000A\000n\000a\000l\000y\000s\000e\000\040\000c\000o\000m\000p\000a\000r\000a\000t\000i\000v\000e\000\040\000d\000e\000\040\000l\000a\000\040\000c\000h\000a\000r\000g\000e\000\040\000c\000o\000g\000n\000i\000t\000i\000v\000e\000\040\000\050\000L\000O\000C\000\051}{section*.45}% 112
\BOOKMARK [3][-]{figure.caption.52}{\376\377\000I\000V\000.\0002\000.\0004\000.\0004\000\040\000M\000e\000s\000u\000r\000e\000\040\000c\000o\000m\000p\000a\000r\000a\000t\000i\000v\000e\000\040\000d\000e\000\040\000l\000a\000\040\000c\000o\000m\000p\000l\000e\000x\000i\000t\000\351\000\040\000c\000y\000c\000l\000o\000m\000a\000t\000i\000q\000u\000e}{section*.45}% 113
\BOOKMARK [3][-]{table.caption.53}{\376\377\000I\000V\000.\0002\000.\0004\000.\0005\000\040\000T\000r\000a\000\347\000a\000b\000i\000l\000i\000t\000\351\000\040\000e\000t\000\040\000T\000o\000l\000\351\000r\000a\000n\000c\000e\000\040\000a\000u\000x\000\040\000P\000a\000n\000n\000e\000s\000\040\000v\000i\000a\000\040\000J\000a\000e\000g\000e\000r}{section*.45}% 114
\BOOKMARK [3][-]{figure.caption.54}{\376\377\000I\000V\000.\0002\000.\0004\000.\0006\000\040\000B\000i\000l\000a\000n\000\040\000q\000u\000a\000n\000t\000i\000t\000a\000t\000i\000f\000\040\000g\000l\000o\000b\000a\000l}{section*.45}% 115
\BOOKMARK [1][-]{table.caption.55}{\376\377\000I\000V\000.\0003\000\040\000B\000i\000l\000a\000n\000\040\000c\000r\000i\000t\000i\000q\000u\000e\000\040\000e\000t\000\040\000l\000i\000m\000i\000t\000e\000s\000\040\000d\000e\000\040\000l\000a\000\040\000s\000o\000l\000u\000t\000i\000o\000n}{figure.caption.43}% 116
\BOOKMARK [2][-]{section*.56}{\376\377\000I\000V\000.\0003\000.\0001\000\040\000C\000o\000m\000p\000l\000e\000x\000i\000t\000\351\000\040\000o\000p\000\351\000r\000a\000t\000i\000o\000n\000n\000e\000l\000l\000e}{table.caption.55}% 117
\BOOKMARK [2][-]{section*.56}{\376\377\000I\000V\000.\0003\000.\0002\000\040\000C\000o\000n\000s\000i\000s\000t\000a\000n\000c\000e\000\040\000\351\000v\000e\000n\000t\000u\000e\000l\000l\000e}{table.caption.55}% 118
\BOOKMARK [2][-]{section*.56}{\376\377\000I\000V\000.\0003\000.\0003\000\040\000R\000o\000b\000u\000s\000t\000e\000s\000s\000e\000\040\000d\000u\000\040\000B\000r\000o\000k\000e\000r\000\040\000d\000e\000\040\000m\000e\000s\000s\000a\000g\000e\000s\000\040\000\050\000S\000P\000O\000F\000\051}{table.caption.55}% 119
\BOOKMARK [1][-]{Item.53}{\376\377\000I\000V\000.\0004\000\040\000V\000a\000l\000i\000d\000a\000t\000i\000o\000n\000\040\000f\000o\000n\000c\000t\000i\000o\000n\000n\000e\000l\000l\000e\000\040\000v\000i\000a\000\040\000P\000o\000s\000t\000m\000a\000n}{figure.caption.43}% 120
\BOOKMARK [2][-]{section*.57}{\376\377\000I\000V\000.\0004\000.\0001\000\040\000T\000e\000s\000t\000\040\000d\000e\000\040\000l\000'\000a\000u\000t\000h\000e\000n\000t\000i\000f\000i\000c\000a\000t\000i\000o\000n\000\040\000\050\000S\000i\000g\000n\000-\000i\000n\000\051}{Item.53}% 121
\BOOKMARK [2][-]{figure.caption.58}{\376\377\000I\000V\000.\0004\000.\0002\000\040\000V\000a\000l\000i\000d\000a\000t\000i\000o\000n\000\040\000d\000e\000\040\000l\000a\000\040\000p\000r\000o\000t\000e\000c\000t\000i\000o\000n\000\040\000d\000e\000s\000\040\000r\000o\000u\000t\000e\000s\000\040\000\050\000/\000a\000u\000t\000h\000/\000m\000e\000\051}{Item.53}% 122
\BOOKMARK [2][-]{figure.caption.59}{\376\377\000I\000V\000.\0004\000.\0003\000\040\000C\000o\000n\000s\000u\000l\000t\000a\000t\000i\000o\000n\000\040\000d\000u\000\040\000c\000a\000t\000a\000l\000o\000g\000u\000e\000\040\000\050\000V\000a\000l\000i\000d\000a\000t\000i\000o\000n\000\040\000d\000e\000s\000\040\000r\000e\000q\000u\000\352\000t\000e\000s\000\040\000s\000y\000n\000c\000h\000r\000o\000n\000e\000s\000\051}{Item.53}% 123
\BOOKMARK [2][-]{figure.caption.60}{\376\377\000I\000V\000.\0004\000.\0004\000\040\000C\000o\000m\000m\000u\000n\000i\000c\000a\000t\000i\000o\000n\000\040\000a\000s\000y\000n\000c\000h\000r\000o\000n\000e\000\040\000e\000t\000\040\000\351\000v\000\351\000n\000e\000m\000e\000n\000t\000s\000\040\000\050\000R\000a\000b\000b\000i\000t\000M\000Q\000\051}{Item.53}% 124
\BOOKMARK [2][-]{figure.caption.62}{\376\377\000I\000V\000.\0004\000.\0005\000\040\000V\000a\000l\000i\000d\000a\000t\000i\000o\000n\000\040\000d\000e\000s\000\040\000d\000o\000n\000n\000\351\000e\000s\000\040\000e\000t\000\040\000r\000o\000b\000u\000s\000t\000e\000s\000s\000e\000\040\000\050\000S\000h\000a\000r\000e\000d\000\040\000L\000i\000b\000r\000a\000r\000y\000\051}{Item.53}% 125
\BOOKMARK [2][-]{figure.caption.63}{\376\377\000I\000V\000.\0004\000.\0006\000\040\000G\000e\000s\000t\000i\000o\000n\000\040\000d\000e\000s\000\040\000f\000i\000c\000h\000i\000e\000r\000s\000\040\000e\000t\000\040\000s\000t\000o\000c\000k\000a\000g\000e\000\040\000S\0003\000\040\000\050\000F\000i\000l\000e\000\040\000S\000e\000r\000v\000i\000c\000e\000\051}{Item.53}% 126
\BOOKMARK [1][-]{figure.caption.64}{\376\377\000I\000V\000.\0005\000\040\000P\000e\000r\000s\000p\000e\000c\000t\000i\000v\000e\000s\000\040\000d\000'\000\351\000v\000o\000l\000u\000t\000i\000o\000n\000s\000\040\000e\000t\000\040\000a\000m\000\351\000l\000i\000o\000r\000a\000t\000i\000o\000n\000s\000\040\000f\000u\000t\000u\000r\000e\000s}{figure.caption.43}% 127
\BOOKMARK [2][-]{section*.65}{\376\377\000I\000V\000.\0005\000.\0001\000\040\000O\000r\000c\000h\000e\000s\000t\000r\000a\000t\000i\000o\000n\000\040\000a\000v\000e\000c\000\040\000K\000u\000b\000e\000r\000n\000e\000t\000e\000s}{figure.caption.64}% 128
\BOOKMARK [2][-]{section*.65}{\376\377\000I\000V\000.\0005\000.\0002\000\040\000M\000i\000s\000e\000\040\000e\000n\000\040\000p\000l\000a\000c\000e\000\040\000d\000'\000u\000n\000\040\000S\000e\000r\000v\000i\000c\000e\000\040\000M\000e\000s\000h}{figure.caption.64}% 129
\BOOKMARK [2][-]{section*.65}{\376\377\000I\000V\000.\0005\000.\0003\000\040\000C\000I\000/\000C\000D\000\040\000a\000v\000a\000n\000c\000\351\000e}{figure.caption.64}% 130
\BOOKMARK [2][-]{section*.65}{\376\377\000I\000V\000.\0005\000.\0004\000\040\000O\000p\000t\000i\000m\000i\000s\000a\000t\000i\000o\000n\000\040\000d\000e\000s\000\040\000t\000e\000m\000p\000s\000\040\000d\000e\000\040\000r\000\351\000p\000o\000n\000s\000e\000\040\000\050\000C\000a\000c\000h\000e\000\040\000R\000e\000d\000i\000s\000\051}{figure.caption.64}% 131
\BOOKMARK [2][-]{section*.65}{\376\377\000I\000V\000.\0005\000.\0005\000\040\000T\000r\000a\000n\000s\000i\000t\000i\000o\000n\000\040\000v\000e\000r\000s\000\040\000g\000R\000P\000C\000\040\000p\000o\000u\000r\000\040\000l\000e\000s\000\040\000c\000o\000m\000m\000u\000n\000i\000c\000a\000t\000i\000o\000n\000s\000\040\000s\000y\000n\000c\000h\000r\000o\000n\000e\000s}{figure.caption.64}% 132
\BOOKMARK [2][-]{section*.65}{\376\377\000I\000V\000.\0005\000.\0006\000\040\000R\000\351\000s\000i\000l\000i\000e\000n\000c\000e\000\040\000s\000o\000u\000s\000\040\000h\000a\000u\000t\000e\000\040\000c\000h\000a\000r\000g\000e\000\040\000:\000\040\000C\000i\000r\000c\000u\000i\000t\000\040\000B\000r\000e\000a\000k\000i\000n\000g\000\040\000e\000t\000\040\000A\000u\000t\000o\000-\000s\000c\000a\000l\000i\000n\000g}{figure.caption.64}% 133
\BOOKMARK [0][-]{section*.65}{\376\377\000C\000O\000N\000C\000L\000U\000S\000I\000O\000N\000\040\000G\000\311\000N\000\311\000R\000A\000L\000E}{}% 134
\BOOKMARK [0][-]{section*.65}{\376\377\000R\000\311\000F\000\311\000R\000E\000N\000C\000E\000S\000\040\000B\000I\000B\000L\000I\000O\000G\000R\000A\000P\000H\000I\000Q\000U\000E\000S}{}% 135
\BOOKMARK [0][-]{Item.68}{\376\377\000W\000\311\000B\000O\000G\000R\000A\000P\000H\000I\000E}{}% 136
\BOOKMARK [0][-]{Item.81}{\376\377\000A\000N\000N\000E\000X\000E\000S}{}% 137
\BOOKMARK [1][-]{section*.66}{\376\377\000A\000n\000n\000e\000x\000e\000\040\000A\000\040\040\024\000\040\000D\000o\000c\000u\000m\000e\000n\000t\000a\000t\000i\000o\000n\000\040\000d\000e\000\040\000l\000'\000A\000P\000I\000\040\000R\000E\000S\000T}{Item.81}% 138
\BOOKMARK [0][-]{table.caption.75}{\376\377\000T\000A\000B\000L\000E\000\040\000D\000E\000S\000\040\000M\000A\000T\000I\000\310\000R\000E\000S}{}% 139
\BOOKMARK [0][-]{etoc@tocid.3}{\376\377\000R\000\311\000S\000U\000M\000\311}{}% 140
\BOOKMARK [0][-]{etoc@tocid.3}{\376\377\000A\000B\000S\000T\000R\000A\000C\000T}{}% 141
